exports[`formats android.xml 1`] = `
"
<?xml version=\"1.0\" encoding=\"utf-8\"?>
<resources>
    <property name=\"TOKEN_A\" category=\"test\">#FF0000</property>
    <property name=\"TOKEN_A_A\" category=\"test\">#FF0000 #FF0000</property>
    <property name=\"TOKEN_A_B\" category=\"test\">#FFFFFF</property>
    <property name=\"TOKEN_SAME_NAME_AS_ALIAS\" category=\"test\">foo</property>
    <property name=\"TOKEN_WITH_QUOTES_IN_VALUE\" category=\"test\">\'Salesforce Sans\', \"Helvetica Neue\", sans-serif</property>
    <property name=\"SIZINGA\" category=\"spacing\">20px</property>
    <color name=\"COLORA\" category=\"background-color\">#ffbada55</color>
    <property name=\"TOKEN_B\" category=\"test\">#FFFFFF</property>
</resources>
"
`;

exports[`formats common.js 1`] = `
"
module.exports = {
    
    tokenA: \"#FF0000\",
    
    tokenAA: \"#FF0000 #FF0000\",
    
    tokenAB: \"#FFFFFF\",
    
    tokenSameNameAsAlias: \"foo\",
    // This should not get escaped in the output
    tokenWithQuotesInValue: \"\'Salesforce Sans\', \\\"Helvetica Neue\\\", sans-serif\",
    
    sizinga: \"20px\",
    
    colora: \"rgb(186, 218, 85)\",
    
    tokenB: \"#FFFFFF\",
};
"
`;

exports[`formats html 1`] = `
"
      <!DOCTYPE html>
      <html lang=\"en\">
        <head>
          <meta charset=\"utf-8\" />
          <meta http-equiv=\"X-UA-Compatible\" content=\"IE=edge\" />
          <title>Design Tokens</title>
          <meta name=\"viewport\" content=\"width=device-width, initial-scale=1\" />
          <link rel=\"stylesheet\" href=\"https://cdnjs.cloudflare.com/ajax/libs/normalize/4.2.0/normalize.min.css\" />
          <style>
            html {
              box-sizing: border-box;
              font-size: 1em;
              font-family: Helvetica, Arial, sans-serif;
              line-height: 1.5;
              background: #fff;
              color: #444;
            }
            *,
            *:before,
            *:after {
              box-sizing: inherit;
            }
            body { font-size: .75rem; }
            ::-moz-selection {
              background: #b3d4fc;
              text-shadow: none;
            }
            ::selection {
              background: #b3d4fc;
              text-shadow: none;
            }
            .banner,
            .contentinfo { background: #f5f5f5; }
            .banner { padding: 1em 0; }
            .container {
              margin: 0 auto;
              padding: 0 2rem;
              max-width: 80rem;
            }
            main {
              margin-right: -2rem;
              margin-left:  -2rem;
              padding-bottom: 2rem;
            }
            h1 {
              margin: 0;
              font-weight: normal;
              line-height: 1.25;
            }
            table {
              table-layout: fixed;
              border-collapse: separate;
              border-spacing: 1rem;
              width: 100%;
            }
            th,
            td {
              padding: 0 1rem;
              vertical-align: baseline;
              word-break: break-word;
              hyphens: auto;
            }
            th {
              font-weight: normal;
              text-align: left;
            }
            thead th {
              border-bottom: 1px solid #eee;
              padding-top: 1rem;
              padding-bottom: .5rem;
              color: #999;
            }
            thead th:first-child {
              font-size: 1.25rem;
              color: inherit;
            }
            code { font-family: monaco, Consolas, monospace, monospace; }
            hr {
              display: block;
              margin: 2rem 0;
              border: 0;
              border-top: 1px solid #eee;
              padding: 0;
              height: 1px;
            }
            .metric-box,
            .radius-box {
              display: inline-block;
              vertical-align: middle;
              background: #eee;
            }
            .radius-box {
              width: 100%;
              height: 3rem;
            }
            .radius-box.borderRadiusCircle {
              width: 3rem;
            }
            .line-height-example {
              border-bottom: 1px solid #eee;
              background-image: -webkit-linear-gradient(#eee 1px, transparent 1px);
              background-image: linear-gradient(#eee 1px, transparent 1px);
              background-size: 100% 1rem;
            }
          </style>
        </head>
        <body>
          <header role=\"banner\" class=\"banner\">
            <div class=\"container\">
              <h1>Design Tokens</h1>
            </div>
          </header>
          <div class=\"container\">
            <main role=\"main\">
              
              
      <section>
        <table>
          
      <thead>
        <tr id=spacing>
          <th scope=\"col\">Spacing</th>
          <th scope=\"col\">Value</th>
          <th scope=\"col\">Examples</th>
          <th scope=\"col\">Usage</th>
        </tr>
      </thead>
    
          <tbody>
            <tr>
        <th scope=\"row\">
          <code>sizingA</code>
        </th>
        <td>
          <code>20px</code>
        </td>
        
        <td>
          <div class=\"metric-box\" style=\"width: 20px; height: 20px;\"></div>
        </td>
      
        <td></td>
      </tr>
          </tbody>
        </table>
        <hr />
      </section>
    
              
              
              
              
              
              
              
              
              
              
              
              
      <section>
        <table>
          
      <thead>
        <tr id=background-color>
          <th scope=\"col\">Background Colors</th>
          <th scope=\"col\">Value</th>
          <th scope=\"col\">Examples</th>
          <th scope=\"col\">Usage</th>
        </tr>
      </thead>
    
          <tbody>
            <tr>
        <th scope=\"row\">
          <code>colorA</code>
        </th>
        <td>
          <code>rgb(186, 218, 85)</code>
        </td>
        <td style=\"background-color: rgb(186, 218, 85); border: 1px solid #f6f6f6;\"></td>
        <td></td>
      </tr>
          </tbody>
        </table>
        <hr />
      </section>
    
              
              
              
              
              
              
              
              
              
              
            </main>
          </div>
        </body>
      </html>
    "
`;

exports[`formats less 1`] = `
"
  
  @token-a: #FF0000;
  
  @token-a-a: #FF0000 #FF0000;
  
  @token-a-b: #FFFFFF;
  
  @token-same-name-as-alias: foo;
  // This should not get escaped in the output
  @token-with-quotes-in-value: \'Salesforce Sans\', \"Helvetica Neue\", sans-serif;
  
  @sizing-a: 20px;
  
  @color-a: rgb(186, 218, 85);
  
  @token-b: #FFFFFF;
"
`;

exports[`formats list.scss 1`] = `
"
$a-list: (
    
    \"token-a\",
    
    \"token-a-a\",
    
    \"token-a-b\",
    
    \"token-same-name-as-alias\",
    // This should not get escaped in the output
    \"token-with-quotes-in-value\",
    
    \"sizing-a\",
    
    \"color-a\",
    
    \"token-b\",
);
"
`;

exports[`formats map.scss 1`] = `
"
$a-map: (
    
    \'token-a\': (#FF0000),
    
    \'token-a-a\': (#FF0000 #FF0000),
    
    \'token-a-b\': (#FFFFFF),
    
    \'token-same-name-as-alias\': (foo),
    // This should not get escaped in the output
    \'token-with-quotes-in-value\': (\'Salesforce Sans\', \"Helvetica Neue\", sans-serif),
    
    \'sizing-a\': (20px),
    
    \'color-a\': (rgb(186, 218, 85)),
    
    \'token-b\': (#FFFFFF),
);
"
`;

exports[`formats map.variables.scss 1`] = `
"
$a-map: (
    
    \'token-a\': $token-a,
    
    \'token-a-a\': $token-a-a,
    
    \'token-a-b\': $token-a-b,
    
    \'token-same-name-as-alias\': $token-same-name-as-alias,
    // This should not get escaped in the output
    \'token-with-quotes-in-value\': $token-with-quotes-in-value,
    
    \'sizing-a\': $sizing-a,
    
    \'color-a\': $color-a,
    
    \'token-b\': $token-b,
);
"
`;

exports[`formats raw.json 1`] = `
"{
  \"aliases\": {
    \"red\": {
      \"value\": \"#FF0000\"
    },
    \"scarlet\": {
      \"value\": \"#FF0000\"
    },
    \"crimson\": {
      \"value\": \"#FF0000\"
    },
    \"white\": {
      \"value\": \"#FFFFFF\"
    },
    \"TOKEN_SAME_NAME_AS_ALIAS\": {
      \"value\": \"foo\"
    }
  },
  \"props\": {
    \"TOKEN_A\": {
      \"type\": \"token\",
      \"category\": \"test\",
      \"name\": \"TOKEN_A\",
      \"value\": \"#FF0000\"
    },
    \"TOKEN_A_A\": {
      \"type\": \"token\",
      \"category\": \"test\",
      \"name\": \"TOKEN_A_A\",
      \"value\": \"#FF0000 #FF0000\"
    },
    \"TOKEN_A_B\": {
      \"type\": \"token\",
      \"category\": \"test\",
      \"name\": \"TOKEN_A_B\",
      \"value\": \"#FFFFFF\"
    },
    \"TOKEN_SAME_NAME_AS_ALIAS\": {
      \"type\": \"token\",
      \"category\": \"test\",
      \"name\": \"TOKEN_SAME_NAME_AS_ALIAS\",
      \"value\": \"foo\"
    },
    \"TOKEN_WITH_QUOTES_IN_VALUE\": {
      \"type\": \"token\",
      \"category\": \"test\",
      \"name\": \"TOKEN_WITH_QUOTES_IN_VALUE\",
      \"value\": \"\'Salesforce Sans\', \\\"Helvetica Neue\\\", sans-serif\",
      \"comment\": \"This should not get escaped in the output\"
    },
    \"sizingA\": {
      \"type\": \"size\",
      \"category\": \"spacing\",
      \"name\": \"sizingA\",
      \"value\": \"20px\"
    },
    \"colorA\": {
      \"type\": \"color\",
      \"category\": \"background-color\",
      \"name\": \"colorA\",
      \"value\": \"#bada55\"
    },
    \"TOKEN_B\": {
      \"type\": \"token\",
      \"category\": \"test\",
      \"name\": \"TOKEN_B\",
      \"value\": \"#FFFFFF\"
    }
  }
}"
`;

exports[`formats sass 1`] = `
"
  
  $token-a: #FF0000
  
  $token-a-a: #FF0000 #FF0000
  
  $token-a-b: #FFFFFF
  
  $token-same-name-as-alias: foo
  // This should not get escaped in the output
  $token-with-quotes-in-value: \'Salesforce Sans\', \"Helvetica Neue\", sans-serif
  
  $sizing-a: 20px
  
  $color-a: rgb(186, 218, 85)
  
  $token-b: #FFFFFF
"
`;

exports[`formats sass.default 1`] = `"Format \"sass.default\" is not registered"`;

exports[`formats scss 1`] = `
"
  
  $token-a: #FF0000;
  
  $token-a-a: #FF0000 #FF0000;
  
  $token-a-b: #FFFFFF;
  
  $token-same-name-as-alias: foo;
  // This should not get escaped in the output
  $token-with-quotes-in-value: \'Salesforce Sans\', \"Helvetica Neue\", sans-serif;
  
  $sizing-a: 20px;
  
  $color-a: rgb(186, 218, 85);
  
  $token-b: #FFFFFF;
"
`;

exports[`formats scss.default 1`] = `"Format \"scss.default\" is not registered"`;

exports[`formats styl 1`] = `
"
  
  $token-a: #FF0000
  
  $token-a-a: #FF0000 #FF0000
  
  $token-a-b: #FFFFFF
  
  $token-same-name-as-alias: foo
  // This should not get escaped in the output
  $token-with-quotes-in-value: \'Salesforce Sans\', \"Helvetica Neue\", sans-serif
  
  $sizing-a: 20px
  
  $color-a: rgb(186, 218, 85)
  
  $token-b: #FFFFFF
"
`;
